../LWIP/Target/ethernetif.c:102:13:ETH_DMA_CheckAndResume	16	static
../LWIP/Target/ethernetif.c:158:6:HAL_ETH_MspInit	64	static
../LWIP/Target/ethernetif.c:213:6:HAL_ETH_MspDeInit	16	static
../LWIP/Target/ethernetif.c:260:6:HAL_ETH_RxCpltCallback	16	static
../LWIP/Target/ethernetif.c:272:6:HAL_ETH_ErrorCallback	16	static
../LWIP/Target/ethernetif.c:296:13:low_level_init	72	static
../LWIP/Target/ethernetif.c:419:14:low_level_output	48	static
../LWIP/Target/ethernetif.c:519:22:low_level_input	56	static
../LWIP/Target/ethernetif.c:646:6:ethernetif_input	32	static
../LWIP/Target/ethernetif.c:733:7:ethernetif_init	16	static
../LWIP/Target/ethernetif.c:780:7:sys_jiffies	8	static
../LWIP/Target/ethernetif.c:791:7:sys_now	8	static
../LWIP/Target/ethernetif.c:803:6:ethernetif_set_link	24	static
../LWIP/Target/ethernetif.c:844:6:ethernetif_update_config	24	static
../LWIP/Target/ethernetif.c:932:13:ethernetif_notify_conn_changed	16	static
