../Drivers/STM32F7xx_HAL_Driver/Src/stm32f7xx_hal.c:138:19:HAL_Init	8	static
../Drivers/STM32F7xx_HAL_Driver/Src/stm32f7xx_hal.c:168:19:HAL_DeInit	8	static
../Drivers/STM32F7xx_HAL_Driver/Src/stm32f7xx_hal.c:197:13:HAL_MspInit	16	static
../Drivers/STM32F7xx_HAL_Driver/Src/stm32f7xx_hal.c:214:13:HAL_MspDeInit	4	static
../Drivers/STM32F7xx_HAL_Driver/Src/stm32f7xx_hal.c:237:26:HAL_InitTick	16	static
../Drivers/STM32F7xx_HAL_Driver/Src/stm32f7xx_hal.c:296:13:HAL_IncTick	4	static
../Drivers/STM32F7xx_HAL_Driver/Src/stm32f7xx_hal.c:307:17:HAL_GetTick	4	static
../Drivers/STM32F7xx_HAL_Driver/Src/stm32f7xx_hal.c:316:10:HAL_GetTickPrio	4	static
../Drivers/STM32F7xx_HAL_Driver/Src/stm32f7xx_hal.c:325:19:HAL_SetTickFreq	24	static
../Drivers/STM32F7xx_HAL_Driver/Src/stm32f7xx_hal.c:357:21:HAL_GetTickFreq	4	static
../Drivers/STM32F7xx_HAL_Driver/Src/stm32f7xx_hal.c:373:13:HAL_Delay	24	static
../Drivers/STM32F7xx_HAL_Driver/Src/stm32f7xx_hal.c:399:13:HAL_SuspendTick	4	static
../Drivers/STM32F7xx_HAL_Driver/Src/stm32f7xx_hal.c:415:13:HAL_ResumeTick	4	static
../Drivers/STM32F7xx_HAL_Driver/Src/stm32f7xx_hal.c:425:10:HAL_GetHalVersion	4	static
../Drivers/STM32F7xx_HAL_Driver/Src/stm32f7xx_hal.c:434:10:HAL_GetREVID	4	static
../Drivers/STM32F7xx_HAL_Driver/Src/stm32f7xx_hal.c:443:10:HAL_GetDEVID	4	static
../Drivers/STM32F7xx_HAL_Driver/Src/stm32f7xx_hal.c:452:10:HAL_GetUIDw0	4	static
../Drivers/STM32F7xx_HAL_Driver/Src/stm32f7xx_hal.c:461:10:HAL_GetUIDw1	4	static
../Drivers/STM32F7xx_HAL_Driver/Src/stm32f7xx_hal.c:470:10:HAL_GetUIDw2	4	static
../Drivers/STM32F7xx_HAL_Driver/Src/stm32f7xx_hal.c:479:6:HAL_DBGMCU_EnableDBGSleepMode	4	static
../Drivers/STM32F7xx_HAL_Driver/Src/stm32f7xx_hal.c:488:6:HAL_DBGMCU_DisableDBGSleepMode	4	static
../Drivers/STM32F7xx_HAL_Driver/Src/stm32f7xx_hal.c:497:6:HAL_DBGMCU_EnableDBGStopMode	4	static
../Drivers/STM32F7xx_HAL_Driver/Src/stm32f7xx_hal.c:506:6:HAL_DBGMCU_DisableDBGStopMode	4	static
../Drivers/STM32F7xx_HAL_Driver/Src/stm32f7xx_hal.c:515:6:HAL_DBGMCU_EnableDBGStandbyMode	4	static
../Drivers/STM32F7xx_HAL_Driver/Src/stm32f7xx_hal.c:524:6:HAL_DBGMCU_DisableDBGStandbyMode	4	static
../Drivers/STM32F7xx_HAL_Driver/Src/stm32f7xx_hal.c:535:6:HAL_EnableCompensationCell	4	static
../Drivers/STM32F7xx_HAL_Driver/Src/stm32f7xx_hal.c:546:6:HAL_DisableCompensationCell	4	static
../Drivers/STM32F7xx_HAL_Driver/Src/stm32f7xx_hal.c:559:6:HAL_EnableFMCMemorySwapping	4	static
../Drivers/STM32F7xx_HAL_Driver/Src/stm32f7xx_hal.c:572:6:HAL_DisableFMCMemorySwapping	4	static
../Drivers/STM32F7xx_HAL_Driver/Src/stm32f7xx_hal.c:588:6:HAL_EnableMemorySwappingBank	4	static
../Drivers/STM32F7xx_HAL_Driver/Src/stm32f7xx_hal.c:603:6:HAL_DisableMemorySwappingBank	4	static
